#governor_contracts.tap
# TAP Protocol Smart Contracts for Governor Management
# Enochian Governor Generation System

contract GovernorRegistry {
    # Governor registration and management contract
    
    # Governor registration event
    event GovernorRegistered(string indexed governor_name, address indexed creator, uint256 timestamp);
    
    # Governor profile updated event
    event GovernorProfileUpdated(string indexed governor_name, string profile_hash, uint256 timestamp);
    
    # Governor storyline published event
    event StorylinePublished(string indexed governor_name, string storyline_hash, uint256 reputation_tier);
    
    # Storage mapping for governor data
    mapping(string => GovernorProfile) public governors;
    mapping(string => StorylineData[]) public storylines;
    mapping(address => string[]) public creator_governors;
    
    # Governor profile structure
    struct GovernorProfile {
        string name;
        string element;
        string[] wisdom_domains;
        string profile_hash;
        address creator;
        uint256 creation_timestamp;
        uint256 last_updated;
        bool is_active;
        uint256 reputation_score;
    }
    
    # Storyline data structure
    struct StorylineData {
        string storyline_hash;
        uint256 reputation_tier;
        uint256 node_count;
        uint256 timestamp;
        bool is_published;
    }
    
    # Access control
    address public owner;
    mapping(address => bool) public authorized_creators;
    
    # Contract initialization
    constructor() {
        owner = msg.sender;
        authorized_creators[msg.sender] = true;
    }
    
    # Modifier for owner-only functions
    modifier onlyOwner() {
        require(msg.sender == owner, "Only owner can perform this action");
        _;
    }
    
    # Modifier for authorized creators
    modifier onlyAuthorized() {
        require(authorized_creators[msg.sender], "Not authorized to create governors");
        _;
    }
    
    # Register a new governor
    function registerGovernor(
        string memory _name,
        string memory _element,
        string[] memory _wisdom_domains,
        string memory _profile_hash
    ) public onlyAuthorized {
        require(bytes(_name).length > 0, "Governor name cannot be empty");
        require(bytes(governors[_name].name).length == 0, "Governor already exists");
        
        governors[_name] = GovernorProfile({
            name: _name,
            element: _element,
            wisdom_domains: _wisdom_domains,
            profile_hash: _profile_hash,
            creator: msg.sender,
            creation_timestamp: block.timestamp,
            last_updated: block.timestamp,
            is_active: true,
            reputation_score: 0
        });
        
        creator_governors[msg.sender].push(_name);
        
        emit GovernorRegistered(_name, msg.sender, block.timestamp);
    }
    
    # Update governor profile
    function updateGovernorProfile(
        string memory _name,
        string memory _profile_hash
    ) public onlyAuthorized {
        require(bytes(governors[_name].name).length > 0, "Governor does not exist");
        require(governors[_name].creator == msg.sender || msg.sender == owner, "Not authorized to update this governor");
        
        governors[_name].profile_hash = _profile_hash;
        governors[_name].last_updated = block.timestamp;
        
        emit GovernorProfileUpdated(_name, _profile_hash, block.timestamp);
    }
    
    # Publish governor storyline
    function publishStoryline(
        string memory _governor_name,
        string memory _storyline_hash,
        uint256 _reputation_tier,
        uint256 _node_count
    ) public onlyAuthorized {
        require(bytes(governors[_governor_name].name).length > 0, "Governor does not exist");
        require(governors[_governor_name].creator == msg.sender || msg.sender == owner, "Not authorized to publish for this governor");
        require(_reputation_tier >= 0 && _reputation_tier <= 3, "Invalid reputation tier");
        
        storylines[_governor_name].push(StorylineData({
            storyline_hash: _storyline_hash,
            reputation_tier: _reputation_tier,
            node_count: _node_count,
            timestamp: block.timestamp,
            is_published: true
        }));
        
        # Update governor reputation based on storyline quality
        governors[_governor_name].reputation_score += (_node_count * (_reputation_tier + 1));
        
        emit StorylinePublished(_governor_name, _storyline_hash, _reputation_tier);
    }
    
    # Get governor profile
    function getGovernor(string memory _name) public view returns (GovernorProfile memory) {
        require(bytes(governors[_name].name).length > 0, "Governor does not exist");
        return governors[_name];
    }
    
    # Get governor storylines
    function getGovernorStorylines(string memory _name) public view returns (StorylineData[] memory) {
        return storylines[_name];
    }
    
    # Get governors created by address
    function getCreatorGovernors(address _creator) public view returns (string[] memory) {
        return creator_governors[_creator];
    }
    
    # Authorize new creator
    function authorizeCreator(address _creator) public onlyOwner {
        authorized_creators[_creator] = true;
    }
    
    # Revoke creator authorization
    function revokeCreator(address _creator) public onlyOwner {
        authorized_creators[_creator] = false;
    }
    
    # Toggle governor active status
    function toggleGovernorStatus(string memory _name) public onlyOwner {
        require(bytes(governors[_name].name).length > 0, "Governor does not exist");
        governors[_name].is_active = !governors[_name].is_active;
    }
} 